// Jest Snapshot v1, https://goo.gl/fbAQLP

exports[`GamePageView should renders correctly 1`] = `<View />`;
