// Jest Snapshot v1, https://goo.gl/fbAQLP

exports[`GameScorePageView should renders correctly 1`] = `<View />`;
