// Jest Snapshot v1, https://goo.gl/fbAQLP

exports[`playersReducer Add player action should add a player to the store 1`] = `
Object {
  "players": Array [
    "Jules",
  ],
}
`;
