// Jest Snapshot v1, https://goo.gl/fbAQLP

exports[`PlayerScorePageView should renders correctly 1`] = `<View />`;
