<!doctype html>
<html lang="en">
<head>
    <title>Code coverage report for src/components/PlayerSelectionPage/__snapshots__/PlayerSelectionPageView.test.js.snap</title>
    <meta charset="utf-8" />
    <link rel="stylesheet" href="../../../../prettify.css" />
    <link rel="stylesheet" href="../../../../base.css" />
    <meta name="viewport" content="width=device-width, initial-scale=1">
    <style type='text/css'>
        .coverage-summary .sorter {
            background-image: url(../../../../sort-arrow-sprite.png);
        }
    </style>
</head>
<body>
<div class='wrapper'>
  <div class='pad1'>
    <h1>
      <a href="../../../../index.html">All files</a> / <a href="index.html">src/components/PlayerSelectionPage/__snapshots__</a> PlayerSelectionPageView.test.js.snap
    </h1>
    <div class='clearfix'>
      <div class='fl pad1y space-right2'>
        <span class="strong">0% </span>
        <span class="quiet">Statements</span>
        <span class='fraction'>0/1</span>
      </div>
      <div class='fl pad1y space-right2'>
        <span class="strong">100% </span>
        <span class="quiet">Branches</span>
        <span class='fraction'>0/0</span>
      </div>
      <div class='fl pad1y space-right2'>
        <span class="strong">100% </span>
        <span class="quiet">Functions</span>
        <span class='fraction'>0/0</span>
      </div>
      <div class='fl pad1y space-right2'>
        <span class="strong">0% </span>
        <span class="quiet">Lines</span>
        <span class='fraction'>0/1</span>
      </div>
    </div>
  </div>
  <div class='status-line low'></div>
<pre><table class="coverage">
<tr><td class="line-count quiet">1
2
3
4
5
6
7
8
9
10
11
12
13
14
15
16
17
18
19
20
21
22
23
24
25
26
27
28
29
30
31
32
33
34
35
36
37
38
39
40
41
42
43
44
45
46
47
48
49
50
51
52
53
54
55
56
57
58
59
60
61
62
63
64
65
66
67
68
69
70
71
72
73
74
75
76
77
78
79
80
81
82
83
84
85
86
87
88
89
90
91
92
93
94
95
96
97
98
99
100
101
102
103
104
105
106
107
108
109
110
111
112
113
114
115
116
117
118
119
120
121
122
123
124
125
126
127
128
129
130
131
132
133
134
135
136
137
138
139
140
141
142
143
144
145
146
147
148
149
150
151
152
153
154
155
156
157
158
159
160
161
162
163
164
165
166
167
168
169
170
171
172
173
174
175
176
177
178
179
180
181
182
183
184
185
186
187
188
189
190
191
192
193
194
195
196
197
198
199</td><td class="line-coverage quiet"><span class="cline-any cline-neutral">&nbsp;</span>
<span class="cline-any cline-neutral">&nbsp;</span>
<span class="cline-any cline-no">&nbsp;</span>
<span class="cline-any cline-neutral">&nbsp;</span>
<span class="cline-any cline-neutral">&nbsp;</span>
<span class="cline-any cline-neutral">&nbsp;</span>
<span class="cline-any cline-neutral">&nbsp;</span>
<span class="cline-any cline-neutral">&nbsp;</span>
<span class="cline-any cline-neutral">&nbsp;</span>
<span class="cline-any cline-neutral">&nbsp;</span>
<span class="cline-any cline-neutral">&nbsp;</span>
<span class="cline-any cline-neutral">&nbsp;</span>
<span class="cline-any cline-neutral">&nbsp;</span>
<span class="cline-any cline-neutral">&nbsp;</span>
<span class="cline-any cline-neutral">&nbsp;</span>
<span class="cline-any cline-neutral">&nbsp;</span>
<span class="cline-any cline-neutral">&nbsp;</span>
<span class="cline-any cline-neutral">&nbsp;</span>
<span class="cline-any cline-neutral">&nbsp;</span>
<span class="cline-any cline-neutral">&nbsp;</span>
<span class="cline-any cline-neutral">&nbsp;</span>
<span class="cline-any cline-neutral">&nbsp;</span>
<span class="cline-any cline-neutral">&nbsp;</span>
<span class="cline-any cline-neutral">&nbsp;</span>
<span class="cline-any cline-neutral">&nbsp;</span>
<span class="cline-any cline-neutral">&nbsp;</span>
<span class="cline-any cline-neutral">&nbsp;</span>
<span class="cline-any cline-neutral">&nbsp;</span>
<span class="cline-any cline-neutral">&nbsp;</span>
<span class="cline-any cline-neutral">&nbsp;</span>
<span class="cline-any cline-neutral">&nbsp;</span>
<span class="cline-any cline-neutral">&nbsp;</span>
<span class="cline-any cline-neutral">&nbsp;</span>
<span class="cline-any cline-neutral">&nbsp;</span>
<span class="cline-any cline-neutral">&nbsp;</span>
<span class="cline-any cline-neutral">&nbsp;</span>
<span class="cline-any cline-neutral">&nbsp;</span>
<span class="cline-any cline-neutral">&nbsp;</span>
<span class="cline-any cline-neutral">&nbsp;</span>
<span class="cline-any cline-neutral">&nbsp;</span>
<span class="cline-any cline-neutral">&nbsp;</span>
<span class="cline-any cline-neutral">&nbsp;</span>
<span class="cline-any cline-neutral">&nbsp;</span>
<span class="cline-any cline-neutral">&nbsp;</span>
<span class="cline-any cline-neutral">&nbsp;</span>
<span class="cline-any cline-neutral">&nbsp;</span>
<span class="cline-any cline-neutral">&nbsp;</span>
<span class="cline-any cline-neutral">&nbsp;</span>
<span class="cline-any cline-neutral">&nbsp;</span>
<span class="cline-any cline-neutral">&nbsp;</span>
<span class="cline-any cline-neutral">&nbsp;</span>
<span class="cline-any cline-neutral">&nbsp;</span>
<span class="cline-any cline-neutral">&nbsp;</span>
<span class="cline-any cline-neutral">&nbsp;</span>
<span class="cline-any cline-neutral">&nbsp;</span>
<span class="cline-any cline-neutral">&nbsp;</span>
<span class="cline-any cline-neutral">&nbsp;</span>
<span class="cline-any cline-neutral">&nbsp;</span>
<span class="cline-any cline-neutral">&nbsp;</span>
<span class="cline-any cline-neutral">&nbsp;</span>
<span class="cline-any cline-neutral">&nbsp;</span>
<span class="cline-any cline-neutral">&nbsp;</span>
<span class="cline-any cline-neutral">&nbsp;</span>
<span class="cline-any cline-neutral">&nbsp;</span>
<span class="cline-any cline-neutral">&nbsp;</span>
<span class="cline-any cline-neutral">&nbsp;</span>
<span class="cline-any cline-neutral">&nbsp;</span>
<span class="cline-any cline-neutral">&nbsp;</span>
<span class="cline-any cline-neutral">&nbsp;</span>
<span class="cline-any cline-neutral">&nbsp;</span>
<span class="cline-any cline-neutral">&nbsp;</span>
<span class="cline-any cline-neutral">&nbsp;</span>
<span class="cline-any cline-neutral">&nbsp;</span>
<span class="cline-any cline-neutral">&nbsp;</span>
<span class="cline-any cline-neutral">&nbsp;</span>
<span class="cline-any cline-neutral">&nbsp;</span>
<span class="cline-any cline-neutral">&nbsp;</span>
<span class="cline-any cline-neutral">&nbsp;</span>
<span class="cline-any cline-neutral">&nbsp;</span>
<span class="cline-any cline-neutral">&nbsp;</span>
<span class="cline-any cline-neutral">&nbsp;</span>
<span class="cline-any cline-neutral">&nbsp;</span>
<span class="cline-any cline-neutral">&nbsp;</span>
<span class="cline-any cline-neutral">&nbsp;</span>
<span class="cline-any cline-neutral">&nbsp;</span>
<span class="cline-any cline-neutral">&nbsp;</span>
<span class="cline-any cline-neutral">&nbsp;</span>
<span class="cline-any cline-neutral">&nbsp;</span>
<span class="cline-any cline-neutral">&nbsp;</span>
<span class="cline-any cline-neutral">&nbsp;</span>
<span class="cline-any cline-neutral">&nbsp;</span>
<span class="cline-any cline-neutral">&nbsp;</span>
<span class="cline-any cline-neutral">&nbsp;</span>
<span class="cline-any cline-neutral">&nbsp;</span>
<span class="cline-any cline-neutral">&nbsp;</span>
<span class="cline-any cline-neutral">&nbsp;</span>
<span class="cline-any cline-neutral">&nbsp;</span>
<span class="cline-any cline-neutral">&nbsp;</span>
<span class="cline-any cline-neutral">&nbsp;</span>
<span class="cline-any cline-neutral">&nbsp;</span>
<span class="cline-any cline-neutral">&nbsp;</span>
<span class="cline-any cline-neutral">&nbsp;</span>
<span class="cline-any cline-neutral">&nbsp;</span>
<span class="cline-any cline-neutral">&nbsp;</span>
<span class="cline-any cline-neutral">&nbsp;</span>
<span class="cline-any cline-neutral">&nbsp;</span>
<span class="cline-any cline-neutral">&nbsp;</span>
<span class="cline-any cline-neutral">&nbsp;</span>
<span class="cline-any cline-neutral">&nbsp;</span>
<span class="cline-any cline-neutral">&nbsp;</span>
<span class="cline-any cline-neutral">&nbsp;</span>
<span class="cline-any cline-neutral">&nbsp;</span>
<span class="cline-any cline-neutral">&nbsp;</span>
<span class="cline-any cline-neutral">&nbsp;</span>
<span class="cline-any cline-neutral">&nbsp;</span>
<span class="cline-any cline-neutral">&nbsp;</span>
<span class="cline-any cline-neutral">&nbsp;</span>
<span class="cline-any cline-neutral">&nbsp;</span>
<span class="cline-any cline-neutral">&nbsp;</span>
<span class="cline-any cline-neutral">&nbsp;</span>
<span class="cline-any cline-neutral">&nbsp;</span>
<span class="cline-any cline-neutral">&nbsp;</span>
<span class="cline-any cline-neutral">&nbsp;</span>
<span class="cline-any cline-neutral">&nbsp;</span>
<span class="cline-any cline-neutral">&nbsp;</span>
<span class="cline-any cline-neutral">&nbsp;</span>
<span class="cline-any cline-neutral">&nbsp;</span>
<span class="cline-any cline-neutral">&nbsp;</span>
<span class="cline-any cline-neutral">&nbsp;</span>
<span class="cline-any cline-neutral">&nbsp;</span>
<span class="cline-any cline-neutral">&nbsp;</span>
<span class="cline-any cline-neutral">&nbsp;</span>
<span class="cline-any cline-neutral">&nbsp;</span>
<span class="cline-any cline-neutral">&nbsp;</span>
<span class="cline-any cline-neutral">&nbsp;</span>
<span class="cline-any cline-neutral">&nbsp;</span>
<span class="cline-any cline-neutral">&nbsp;</span>
<span class="cline-any cline-neutral">&nbsp;</span>
<span class="cline-any cline-neutral">&nbsp;</span>
<span class="cline-any cline-neutral">&nbsp;</span>
<span class="cline-any cline-neutral">&nbsp;</span>
<span class="cline-any cline-neutral">&nbsp;</span>
<span class="cline-any cline-neutral">&nbsp;</span>
<span class="cline-any cline-neutral">&nbsp;</span>
<span class="cline-any cline-neutral">&nbsp;</span>
<span class="cline-any cline-neutral">&nbsp;</span>
<span class="cline-any cline-neutral">&nbsp;</span>
<span class="cline-any cline-neutral">&nbsp;</span>
<span class="cline-any cline-neutral">&nbsp;</span>
<span class="cline-any cline-neutral">&nbsp;</span>
<span class="cline-any cline-neutral">&nbsp;</span>
<span class="cline-any cline-neutral">&nbsp;</span>
<span class="cline-any cline-neutral">&nbsp;</span>
<span class="cline-any cline-neutral">&nbsp;</span>
<span class="cline-any cline-neutral">&nbsp;</span>
<span class="cline-any cline-neutral">&nbsp;</span>
<span class="cline-any cline-neutral">&nbsp;</span>
<span class="cline-any cline-neutral">&nbsp;</span>
<span class="cline-any cline-neutral">&nbsp;</span>
<span class="cline-any cline-neutral">&nbsp;</span>
<span class="cline-any cline-neutral">&nbsp;</span>
<span class="cline-any cline-neutral">&nbsp;</span>
<span class="cline-any cline-neutral">&nbsp;</span>
<span class="cline-any cline-neutral">&nbsp;</span>
<span class="cline-any cline-neutral">&nbsp;</span>
<span class="cline-any cline-neutral">&nbsp;</span>
<span class="cline-any cline-neutral">&nbsp;</span>
<span class="cline-any cline-neutral">&nbsp;</span>
<span class="cline-any cline-neutral">&nbsp;</span>
<span class="cline-any cline-neutral">&nbsp;</span>
<span class="cline-any cline-neutral">&nbsp;</span>
<span class="cline-any cline-neutral">&nbsp;</span>
<span class="cline-any cline-neutral">&nbsp;</span>
<span class="cline-any cline-neutral">&nbsp;</span>
<span class="cline-any cline-neutral">&nbsp;</span>
<span class="cline-any cline-neutral">&nbsp;</span>
<span class="cline-any cline-neutral">&nbsp;</span>
<span class="cline-any cline-neutral">&nbsp;</span>
<span class="cline-any cline-neutral">&nbsp;</span>
<span class="cline-any cline-neutral">&nbsp;</span>
<span class="cline-any cline-neutral">&nbsp;</span>
<span class="cline-any cline-neutral">&nbsp;</span>
<span class="cline-any cline-neutral">&nbsp;</span>
<span class="cline-any cline-neutral">&nbsp;</span>
<span class="cline-any cline-neutral">&nbsp;</span>
<span class="cline-any cline-neutral">&nbsp;</span>
<span class="cline-any cline-neutral">&nbsp;</span>
<span class="cline-any cline-neutral">&nbsp;</span>
<span class="cline-any cline-neutral">&nbsp;</span>
<span class="cline-any cline-neutral">&nbsp;</span>
<span class="cline-any cline-neutral">&nbsp;</span>
<span class="cline-any cline-neutral">&nbsp;</span>
<span class="cline-any cline-neutral">&nbsp;</span>
<span class="cline-any cline-neutral">&nbsp;</span>
<span class="cline-any cline-neutral">&nbsp;</span>
<span class="cline-any cline-neutral">&nbsp;</span>
<span class="cline-any cline-neutral">&nbsp;</span>
<span class="cline-any cline-neutral">&nbsp;</span>
<span class="cline-any cline-neutral">&nbsp;</span></td><td class="text"><pre class="prettyprint lang-js">// Jest Snapshot v1, https://goo.gl/fbAQLP
&nbsp;
<span class="cstat-no" title="statement not covered" >exports[`PlayerSelectionPageView should renders correctly 1`] = `</span>
&lt;View&gt;
  &lt;Text&gt;
    Enter your players !
  &lt;/Text&gt;
  &lt;TextInput
    allowFontScaling={true}
    onChangeText={[Function]}
    style={
      Object {
        "borderColor": "gray",
        "borderWidth": 1,
        "height": 40,
      }
    }
    underlineColorAndroid="transparent"
    value="Player 1"
  /&gt;
  &lt;View
    accessibilityRole="button"
    accessibilityStates={Array []}
    accessible={true}
    isTVSelectable={true}
    onResponderGrant={[Function]}
    onResponderMove={[Function]}
    onResponderRelease={[Function]}
    onResponderTerminate={[Function]}
    onResponderTerminationRequest={[Function]}
    onStartShouldSetResponder={[Function]}
    style={
      Object {
        "opacity": 1,
      }
    }
  &gt;
    &lt;View
      style={
        Array [
          Object {},
        ]
      }
    &gt;
      &lt;Text
        style={
          Array [
            Object {
              "color": "#007AFF",
              "fontSize": 18,
              "padding": 8,
              "textAlign": "center",
            },
          ]
        }
      &gt;
        add
      &lt;/Text&gt;
    &lt;/View&gt;
  &lt;/View&gt;
  &lt;View
    style={
      Object {
        "borderBottomWidth": 3,
        "borderColor": "#d6d7da",
        "flexDirection": "row",
      }
    }
  &gt;
    &lt;Text
      style={
        Object {
          "flex": 2,
        }
      }
    &gt;
      Joueur : 
      player
    &lt;/Text&gt;
    &lt;View
      style={
        Object {
          "flex": 1,
          "flexDirection": "row",
        }
      }
    &gt;
      &lt;View
        accessibilityRole="button"
        accessibilityStates={Array []}
        accessible={true}
        isTVSelectable={true}
        onResponderGrant={[Function]}
        onResponderMove={[Function]}
        onResponderRelease={[Function]}
        onResponderTerminate={[Function]}
        onResponderTerminationRequest={[Function]}
        onStartShouldSetResponder={[Function]}
        style={
          Object {
            "opacity": 1,
          }
        }
      &gt;
        &lt;View
          style={
            Array [
              Object {},
            ]
          }
        &gt;
          &lt;Text
            style={
              Array [
                Object {
                  "color": "#007AFF",
                  "fontSize": 18,
                  "padding": 8,
                  "textAlign": "center",
                },
              ]
            }
          &gt;
            X
          &lt;/Text&gt;
        &lt;/View&gt;
      &lt;/View&gt;
      &lt;View
        accessibilityRole="button"
        accessibilityStates={Array []}
        accessible={true}
        isTVSelectable={true}
        onResponderGrant={[Function]}
        onResponderMove={[Function]}
        onResponderRelease={[Function]}
        onResponderTerminate={[Function]}
        onResponderTerminationRequest={[Function]}
        onStartShouldSetResponder={[Function]}
        style={
          Object {
            "opacity": 1,
          }
        }
      &gt;
        &lt;View
          style={
            Array [
              Object {},
            ]
          }
        &gt;
          &lt;Text
            style={
              Array [
                Object {
                  "color": "#007AFF",
                  "fontSize": 18,
                  "padding": 8,
                  "textAlign": "center",
                },
              ]
            }
          &gt;
            O
          &lt;/Text&gt;
        &lt;/View&gt;
      &lt;/View&gt;
    &lt;/View&gt;
  &lt;/View&gt;
  &lt;View
    accessible={true}
    isTVSelectable={true}
    onResponderGrant={[Function]}
    onResponderMove={[Function]}
    onResponderRelease={[Function]}
    onResponderTerminate={[Function]}
    onResponderTerminationRequest={[Function]}
    onStartShouldSetResponder={[Function]}
    style={
      Object {
        "backgroundColor": "#aaaaff",
        "margin": 10,
        "padding": 10,
      }
    }
  &gt;
    &lt;Text
      style={
        Object {
          "textAlign": "center",
        }
      }
    &gt;
      Start
    &lt;/Text&gt;
  &lt;/View&gt;
&lt;/View&gt;
`;
&nbsp;</pre></td></tr>
</table></pre>
<div class='push'></div><!-- for sticky footer -->
</div><!-- /wrapper -->
<div class='footer quiet pad2 space-top1 center small'>
  Code coverage
  generated by <a href="https://istanbul.js.org/" target="_blank">istanbul</a> at Sat Nov 24 2018 14:55:36 GMT+0100 (GMT+01:00)
</div>
</div>
<script src="../../../../prettify.js"></script>
<script>
window.onload = function () {
        if (typeof prettyPrint === 'function') {
            prettyPrint();
        }
};
</script>
<script src="../../../../sorter.js"></script>
</body>
</html>
